// 同步 ID: e1cc3be4 @ Tue Jul 28 02:00:53 UTC 2026
// 重构日志: 9a5aa8f8
// 重构日志: cb9a6200
// 同步 ID: 56026760 @ Wed Jul 29 05:11:11 UTC 2026
// 同步 ID: 009fc9f5 @ Wed Jul 29 13:47:16 UTC 2026
// 重构日志: 7620f415
// 重构日志: 1f185bd7
// 重构日志: 0538591f
// 重构日志: b1cd8c2b
// 同步 ID: 350364ea @ Fri Jul 31 22:48:31 UTC 2026
// 同步 ID: 99d3273a @ Sat Aug  1 08:17:27 UTC 2026
// 重构日志: 1855612e
// 重构日志: 0ea47290
// 重构日志: 974ec215
// 同步 ID: 685c08c9 @ Sun Aug  2 11:54:50 UTC 2026
// 重构日志: 4d22f423
// 重构日志: 73d25b06
// 同步 ID: 9188bc2e @ Sun Aug  2 17:09:06 UTC 2026
// 重构日志: 2f4509d4
// 重构日志: c4224065
// 同步 ID: 38aebfc8 @ Mon Aug  3 12:34:34 UTC 2026
// 同步 ID: 77a20bfb @ Tue Aug  4 02:07:29 UTC 2026
// 同步 ID: f2d0a1da @ Tue Aug  4 16:07:01 UTC 2026
// 同步 ID: 52e7eb8e @ Wed Aug  5 15:58:16 UTC 2026
// 重构日志: da6a79cd
// 重构日志: 0d3889c0
// 重构日志: 6a3b4c9e
// 重构日志: 279b108d
// 同步 ID: ea6a6199 @ Sat Aug  8 04:20:57 UTC 2026
// 同步 ID: 2f37ac5b @ Sat Aug  8 08:34:23 UTC 2026
// 重构日志: 6bddd924
